// Jest Snapshot v1, https://goo.gl/fbAQLP

exports[`Header component should render correctly 1`] = `
<div>
  <h1>
    TODOs
  </h1>
</div>
`;
